Tue Apr  3 15:04:44 UTC 2012
$PROB 1001 phase1 1CMT
$INPUT C ID TIME SEQ=DROP EVID AMT DV
$DATA ../../data/derived/phase1.csv IGNORE=C
$SUBROUTINE ADVAN2 TRANS2
$PK
 CL=THETA(1)*EXP(ETA(1))
 V =THETA(2)*EXP(ETA(2))
 KA=THETA(3)*EXP(ETA(3))
 S2=V
 
$ERROR
 Y=F*EXP(ERR(1)) + ERR(2)
 IPRE=F

$THETA 
(10)     ;CL
(10)      ;V
(0.2)     ;KA

$OMEGA 0.09 0.09 0.09 
$SIGMA 0.09 0.1
$ESTIMATION MAXEVAL=9999 PRINT=5 NOABORT METHOD=1 INTER MSFO=./1001.msf
$COV PRINT=E
$TABLE NOPRINT FILE=./1001.tab ONEHEADER ID AMT TIME EVID PRED IPRE CWRES
$TABLE NOPRINT FILE=./1001par.tab ONEHEADER ID TIME CL V KA ETA1 ETA2 ETA3

NM-TRAN MESSAGES
  
 WARNINGS AND ERRORS (IF ANY) FOR PROBLEM    1
             
 (WARNING  2) NM-TRAN INFERS THAT THE DATA ARE POPULATION.
 CREATING MUMODEL ROUTINE...

License Registered to: Metrum Research Group
Expiration Date:    14 JUL 2012
Current Date:        3 APR 2012
Days until program expires : 101
1NONLINEAR MIXED EFFECTS MODEL PROGRAM (NONMEM) VERSION 7.2.0
 ORIGINALLY DEVELOPED BY STUART BEAL, LEWIS SHEINER, AND ALISON BOECKMANN
 CURRENT DEVELOPERS ARE ROBERT BAUER, ICON DEVELOPMENT SOLUTIONS,
 AND ALISON BOECKMANN. IMPLEMENTATION, EFFICIENCY, AND STANDARDIZATION
 PERFORMED BY NOUS INFOSYSTEMS.

 PROBLEM NO.:         1
 1001 phase1 1CMT
0DATA CHECKOUT RUN:              NO
 DATA SET LOCATED ON UNIT NO.:    2
 THIS UNIT TO BE REWOUND:        NO
 NO. OF DATA RECS IN DATA SET:      550
 NO. OF DATA ITEMS IN DATA SET:   7
 ID DATA ITEM IS DATA ITEM NO.:   2
 DEP VARIABLE IS DATA ITEM NO.:   6
 MDV DATA ITEM IS DATA ITEM NO.:  7
0INDICES PASSED TO SUBROUTINE PRED:
   4   3   5   0   0   0   0   0   0   0   0
0LABELS FOR DATA ITEMS:
 C ID TIME EVID AMT DV MDV
0(NONBLANK) LABELS FOR PRED-DEFINED ITEMS:
 CL V KA IPRE
0FORMAT FOR DATA:
 (6E6.0,1F2.0)

 TOT. NO. OF OBS RECS:      510
 TOT. NO. OF INDIVIDUALS:     40
0LENGTH OF THETA:   3
0DEFAULT THETA BOUNDARY TEST OMITTED:    NO
0OMEGA HAS SIMPLE DIAGONAL FORM WITH DIMENSION:   3
0DEFAULT OMEGA BOUNDARY TEST OMITTED:    NO
0SIGMA HAS SIMPLE DIAGONAL FORM WITH DIMENSION:   2
0DEFAULT SIGMA BOUNDARY TEST OMITTED:    NO
0INITIAL ESTIMATE OF THETA:
   0.1000E+02  0.1000E+02  0.2000E+00
0INITIAL ESTIMATE OF OMEGA:
 0.9000E-01
 0.0000E+00   0.9000E-01
 0.0000E+00   0.0000E+00   0.9000E-01
0INITIAL ESTIMATE OF SIGMA:
 0.9000E-01
 0.0000E+00   0.1000E+00
0ESTIMATION STEP OMITTED:           NO
 CONDITIONAL ESTIMATES USED:       YES
 CENTERED ETA:                      NO
 EPS-ETA INTERACTION:              YES
 LAPLACIAN OBJ. FUNC.:              NO
 NO. OF FUNCT. EVALS. ALLOWED:       9999
 NO. OF SIG. FIGURES REQUIRED:       3
 INTERMEDIATE PRINTOUT:            YES
 ESTIMATE OUTPUT TO MSF:           YES
 ABORT WITH PRED EXIT CODE 1:       NO
 IND. OBJ. FUNC. VALUES SORTED:     NO
0COVARIANCE STEP OMITTED:    NO
 EIGENVLS. PRINTED:         YES
 SPECIAL COMPUTATION:        NO
 COMPRESSED FORMAT:          NO
0TABLES STEP OMITTED:    NO
 NO. OF TABLES:           2
0-- TABLE   1 --
 PRINTED:                NO
 HEADER:                YES
 FILE TO BE FORWARDED:   NO
0USER-CHOSEN ITEMS:
 ID AMT TIME EVID IPRE CWRES
0-- TABLE   2 --
 PRINTED:                NO
 HEADER:                YES
 FILE TO BE FORWARDED:   NO
0USER-CHOSEN ITEMS:
 ID TIME CL V KA ETA1 ETA2 ETA3

 THE FOLLOWING LABELS ARE EQUIVALENT
 PRED=PREDI
 RES=RESI
 WRES=WRESI
1DOUBLE PRECISION PREDPP VERSION 7.2.0

 ONE COMPARTMENT MODEL WITH FIRST-ORDER ABSORPTION (ADVAN2)
0MAXIMUM NO. OF BASIC PK PARAMETERS:   3
0BASIC PK PARAMETERS (AFTER TRANSLATION):
   ELIMINATION RATE (K) IS BASIC PK PARAMETER NO.:  1
   ABSORPTION RATE (KA) IS BASIC PK PARAMETER NO.:  3

 TRANSLATOR WILL CONVERT PARAMETERS
 CLEARANCE (CL) AND VOLUME (V) TO K (TRANS2)
0COMPARTMENT ATTRIBUTES
 COMPT. NO.   FUNCTION   INITIAL    ON/OFF      DOSE      DEFAULT    DEFAULT
                         STATUS     ALLOWED    ALLOWED    FOR DOSE   FOR OBS.
    1         DEPOT        OFF        YES        YES        YES        NO
    2         CENTRAL      ON         NO         YES        NO         YES
    3         OUTPUT       OFF        YES        NO         NO         NO
1
 ADDITIONAL PK PARAMETERS - ASSIGNMENT OF ROWS IN GG
 COMPT. NO.                             INDICES
              SCALE      BIOAVAIL.   ZERO-ORDER  ZERO-ORDER  ABSORB
                         FRACTION    RATE        DURATION    LAG
    1           *           *           *           *           *
    2           4           *           *           *           *
    3           *           -           -           -           -
             - PARAMETER IS NOT ALLOWED FOR THIS MODEL
             * PARAMETER IS NOT SUPPLIED BY PK SUBROUTINE;
               WILL DEFAULT TO ONE IF APPLICABLE
0DATA ITEM INDICES USED BY PRED ARE:
   EVENT ID DATA ITEM IS DATA ITEM NO.:      4
   TIME DATA ITEM IS DATA ITEM NO.:          3
   DOSE AMOUNT DATA ITEM IS DATA ITEM NO.:   5

0PK SUBROUTINE CALLED WITH EVERY EVENT RECORD.
 PK SUBROUTINE NOT CALLED AT NONEVENT (ADDITIONAL OR LAGGED) DOSE TIMES.
0ERROR SUBROUTINE CALLED WITH EVERY EVENT RECORD.
1
 
 
 #TBLN:      1
 #METH: First Order Conditional Estimation with Interaction
 
 MONITORING OF SEARCH:

 
0ITERATION NO.:    0    OBJECTIVE VALUE:   3540.00860566871        NO. OF FUNC. EVALS.:   7
 CUMULATIVE NO. OF FUNC. EVALS.:        7
 NPARAMETR:  1.0000E+01  1.0000E+01  2.0000E-01  9.0000E-02  9.0000E-02  9.0000E-02  9.0000E-02  1.0000E-01
 PARAMETER:  1.0000E-01  1.0000E-01  1.0000E-01  1.0000E-01  1.0000E-01  1.0000E-01  1.0000E-01  1.0000E-01
 GRADIENT:  -1.7117E+03 -3.1982E+03  1.1238E+04 -2.0218E+02 -1.7221E+02 -1.4308E+03  1.4122E+02 -6.9334E+01
 
0ITERATION NO.:    5    OBJECTIVE VALUE:   2557.59539686428        NO. OF FUNC. EVALS.:   8
 CUMULATIVE NO. OF FUNC. EVALS.:       56
 NPARAMETR:  1.1247E+01  1.4315E+01  4.4910E-02  1.2810E-01  9.7093E-02  8.4621E-02  5.3695E-02  1.0136E-01
 PARAMETER:  1.1247E-01  1.4315E-01  2.2455E-02  2.7650E-01  1.3793E-01  6.9184E-02 -1.5824E-01  1.0675E-01
 GRADIENT:  -2.3610E+01  1.1119E+02  3.6035E+02 -7.0771E+01 -3.8410E+01  2.3908E+01 -1.0031E+02 -2.8142E+01
 
0ITERATION NO.:   10    OBJECTIVE VALUE:   2527.47435483450        NO. OF FUNC. EVALS.:   8
 CUMULATIVE NO. OF FUNC. EVALS.:       97
 NPARAMETR:  1.1439E+01  1.4662E+01  4.6974E-02  2.9016E-01  2.0886E-01  4.5923E-02  5.7497E-02  2.3387E-01
 PARAMETER:  1.1439E-01  1.4662E-01  2.3487E-02  6.8531E-01  5.2092E-01 -2.3642E-01 -1.2404E-01  5.2481E-01
 GRADIENT:  -2.4735E+00  3.2624E+01  2.8227E+02  8.1940E+00  7.1284E-01  5.5877E+00  1.0900E+01  7.2008E+00
 
0ITERATION NO.:   15    OBJECTIVE VALUE:   2526.40222014687        NO. OF FUNC. EVALS.:  13
 CUMULATIVE NO. OF FUNC. EVALS.:      159
 NPARAMETR:  1.1666E+01  1.4566E+01  4.7882E-02  2.5925E-01  2.0757E-01  3.8984E-02  5.7244E-02  2.0659E-01
 PARAMETER:  1.1666E-01  1.4566E-01  2.3941E-02  6.2900E-01  5.1784E-01 -3.1832E-01 -1.2625E-01  4.6279E-01
 GRADIENT:  -1.1116E+01 -5.4606E-01  3.1289E+01  6.4522E-02  1.4035E-01  1.8127E-01 -2.1428E-01  1.3160E-01
 
0ITERATION NO.:   18    OBJECTIVE VALUE:   2526.39867230031        NO. OF FUNC. EVALS.:  10
 CUMULATIVE NO. OF FUNC. EVALS.:      195
 NPARAMETR:  1.1717E+01  1.4566E+01  4.7859E-02  2.5902E-01  2.0702E-01  3.8792E-02  5.7307E-02  2.0580E-01
 PARAMETER:  1.1717E-01  1.4566E-01  2.3930E-02  6.2855E-01  5.1650E-01 -3.2080E-01 -1.2570E-01  4.6087E-01
 GRADIENT:   9.0402E-02 -1.6577E-01  9.1752E-01  1.4141E-03  9.2340E-03  5.5845E-03 -2.9927E-02  9.5891E-03
 
 #TERM:
0MINIMIZATION SUCCESSFUL
 NO. OF FUNCTION EVALUATIONS USED:      195
 NO. OF SIG. DIGITS IN FINAL EST.:  3.4

 ETABAR IS THE ARITHMETIC MEAN OF THE ETA-ESTIMATES,
 AND THE P-VALUE IS GIVEN FOR THE NULL HYPOTHESIS THAT THE TRUE MEAN IS 0.

 ETABAR:        -2.9844E-03  5.6403E-03  2.5504E-03
 SE:             7.8863E-02  6.3677E-02  2.6193E-02

 P VAL.:         9.6981E-01  9.2942E-01  9.2243E-01
 
 ETAshrink(%):   7.4947E-01  1.0360E+01  1.4819E+01
 EPSshrink(%):   9.3358E+00  9.3358E+00
 
 #TERE:
 Elapsed estimation time in seconds:     2.72
 Elapsed covariance time in seconds:     3.09
1
 
 
 
 
 
 
 
 
 
 
 
 
 
 
 
 
 
 
 
 
 ************************************************************************************************************************
 ********************                                                                                ********************
 ********************               FIRST ORDER CONDITIONAL ESTIMATION WITH INTERACTION              ********************
 #OBJT:**************                       MINIMUM VALUE OF OBJECTIVE FUNCTION                      ********************
 ********************                                                                                ********************
 ************************************************************************************************************************
 





 #OBJV:********************************************     2526.399       **************************************************
1
 ************************************************************************************************************************
 ********************                                                                                ********************
 ********************               FIRST ORDER CONDITIONAL ESTIMATION WITH INTERACTION              ********************
 ********************                             FINAL PARAMETER ESTIMATE                           ********************
 ********************                                                                                ********************
 ************************************************************************************************************************
 


 THETA - VECTOR OF FIXED EFFECTS PARAMETERS   *********


         TH 1      TH 2      TH 3     
 
         1.17E+01  1.46E+01  4.79E-02
 


 OMEGA - COV MATRIX FOR RANDOM EFFECTS - ETAS  ********


            ETA1      ETA2      ETA3   
 
 ETA1
+        2.59E-01
 
 ETA2
+        0.00E+00  2.07E-01
 
 ETA3
+        0.00E+00  0.00E+00  3.88E-02
 


 SIGMA - COV MATRIX FOR RANDOM EFFECTS - EPSILONS  ****


            EPS1      EPS2   
 
 EPS1
+        5.73E-02
 
 EPS2
+        0.00E+00  2.06E-01
 
1


 OMEGA - CORR MATRIX FOR RANDOM EFFECTS - ETAS  *******


            ETA1      ETA2      ETA3   
 
 ETA1
+        5.09E-01
 
 ETA2
+        0.00E+00  4.55E-01
 
 ETA3
+        0.00E+00  0.00E+00  1.97E-01
 


 SIGMA - CORR MATRIX FOR RANDOM EFFECTS - EPSILONS  ***


            EPS1      EPS2   
 
 EPS1
+        2.39E-01
 
 EPS2
+        0.00E+00  4.54E-01
 
1
 ************************************************************************************************************************
 ********************                                                                                ********************
 ********************               FIRST ORDER CONDITIONAL ESTIMATION WITH INTERACTION              ********************
 ********************                            STANDARD ERROR OF ESTIMATE                          ********************
 ********************                                                                                ********************
 ************************************************************************************************************************
 


 THETA - VECTOR OF FIXED EFFECTS PARAMETERS   *********


         TH 1      TH 2      TH 3     
 
         1.02E+00  1.26E+00  1.96E-03
 


 OMEGA - COV MATRIX FOR RANDOM EFFECTS - ETAS  ********


            ETA1      ETA2      ETA3   
 
 ETA1
+        4.68E-02
 
 ETA2
+       .........  4.01E-02
 
 ETA3
+       ......... .........  1.48E-02
 


 SIGMA - COV MATRIX FOR RANDOM EFFECTS - EPSILONS  ****


            EPS1      EPS2   
 
 EPS1
+        5.92E-03
 
 EPS2
+       .........  6.52E-02
 
1


 OMEGA - CORR MATRIX FOR RANDOM EFFECTS - ETAS  *******


            ETA1      ETA2      ETA3   
 
 ETA1
+        4.60E-02
 
 ETA2
+       .........  4.41E-02
 
 ETA3
+       ......... .........  3.75E-02
 


 SIGMA - CORR MATRIX FOR RANDOM EFFECTS - EPSILONS  ***


            EPS1      EPS2   
 
 EPS1
+        1.24E-02
 
 EPS2
+       .........  7.18E-02
 
1
 ************************************************************************************************************************
 ********************                                                                                ********************
 ********************               FIRST ORDER CONDITIONAL ESTIMATION WITH INTERACTION              ********************
 ********************                          COVARIANCE MATRIX OF ESTIMATE                         ********************
 ********************                                                                                ********************
 ************************************************************************************************************************
 

            TH 1      TH 2      TH 3      OM11      OM12      OM13      OM22      OM23      OM33      SG11      SG12      SG22

 
 TH 1
+        1.03E+00
 
 TH 2
+        1.07E+00  1.60E+00
 
 TH 3
+        1.06E-03  8.45E-04  3.83E-06
 
 OM11
+        1.08E-02  6.25E-03 -3.47E-06  2.19E-03
 
 OM12
+       ......... ......... ......... ......... .........
 
 OM13
+       ......... ......... ......... ......... ......... .........
 
 OM22
+        5.36E-03  8.92E-03  2.10E-06  9.52E-04 ......... .........  1.61E-03
 
 OM23
+       ......... ......... ......... ......... ......... ......... ......... .........
 
 OM33
+       -5.40E-03 -4.78E-03 -6.92E-06  9.45E-06 ......... ......... -1.33E-04 .........  2.18E-04
 
 SG11
+        3.74E-04 -7.65E-04 -1.63E-06 -3.81E-05 ......... ......... -3.64E-05 ......... -2.10E-05  3.51E-05
 
 SG12
+       ......... ......... ......... ......... ......... ......... ......... ......... ......... ......... .........
 
 SG22
+        1.40E-02  1.02E-02  3.70E-05  4.39E-05 ......... .........  1.41E-04 ......... -7.92E-05 -1.89E-04 .........  4.25E-03
 
1
 ************************************************************************************************************************
 ********************                                                                                ********************
 ********************               FIRST ORDER CONDITIONAL ESTIMATION WITH INTERACTION              ********************
 ********************                          CORRELATION MATRIX OF ESTIMATE                        ********************
 ********************                                                                                ********************
 ************************************************************************************************************************
 

            TH 1      TH 2      TH 3      OM11      OM12      OM13      OM22      OM23      OM33      SG11      SG12      SG22

 
 TH 1
+        1.02E+00
 
 TH 2
+        8.36E-01  1.26E+00
 
 TH 3
+        5.32E-01  3.42E-01  1.96E-03
 
 OM11
+        2.27E-01  1.06E-01 -3.79E-02  4.68E-02
 
 OM12
+       ......... ......... ......... ......... .........
 
 OM13
+       ......... ......... ......... ......... ......... .........
 
 OM22
+        1.32E-01  1.76E-01  2.67E-02  5.07E-01 ......... .........  4.01E-02
 
 OM23
+       ......... ......... ......... ......... ......... ......... ......... .........
 
 OM33
+       -3.60E-01 -2.57E-01 -2.39E-01  1.37E-02 ......... ......... -2.25E-01 .........  1.48E-02
 
 SG11
+        6.21E-02 -1.02E-01 -1.41E-01 -1.37E-01 ......... ......... -1.53E-01 ......... -2.40E-01  5.92E-03
 
 SG12
+       ......... ......... ......... ......... ......... ......... ......... ......... ......... ......... .........
 
 SG22
+        2.11E-01  1.24E-01  2.90E-01  1.44E-02 ......... .........  5.39E-02 ......... -8.24E-02 -4.88E-01 .........  6.52E-02
 
1
 ************************************************************************************************************************
 ********************                                                                                ********************
 ********************               FIRST ORDER CONDITIONAL ESTIMATION WITH INTERACTION              ********************
 ********************                      INVERSE COVARIANCE MATRIX OF ESTIMATE                     ********************
 ********************                                                                                ********************
 ************************************************************************************************************************
 

            TH 1      TH 2      TH 3      OM11      OM12      OM13      OM22      OM23      OM33      SG11      SG12      SG22

 
 TH 1
+        7.27E+00
 
 TH 2
+       -4.25E+00  3.25E+00
 
 TH 3
+       -1.01E+03  4.51E+02  4.71E+05
 
 OM11
+       -3.99E+01  2.20E+01  6.20E+03  8.51E+02
 
 OM12
+       ......... ......... ......... ......... .........
 
 OM13
+       ......... ......... ......... ......... ......... .........
 
 OM22
+        2.13E+01 -1.43E+01 -1.99E+03 -5.03E+02 ......... .........  1.00E+03
 
 OM23
+       ......... ......... ......... ......... ......... ......... ......... .........
 
 OM33
+        3.17E+01 -5.56E+00  3.47E+03 -4.29E+02 ......... .........  8.03E+02 .........  6.43E+03
 
 SG11
+       -3.21E+02  2.05E+02  5.21E+04  1.93E+03 ......... .........  2.27E+02 .........  4.96E+03  5.91E+04
 
 SG12
+       ......... ......... ......... ......... ......... ......... ......... ......... ......... ......... .........
 
 SG22
+       -1.89E+01  1.15E+01  5.39E+02  1.10E+02 ......... ......... -2.18E+01 .........  1.97E+02  2.80E+03 .........  3.93E+02
 
1
 
 
 
 
 
 
 
 
 
 
 
 
 
 
 
 
 
 
 
 
 ************************************************************************************************************************
 ********************                                                                                ********************
 ********************               FIRST ORDER CONDITIONAL ESTIMATION WITH INTERACTION              ********************
 ********************                      EIGENVALUES OF COR MATRIX OF ESTIMATE                     ********************
 ********************                                                                                ********************
 ************************************************************************************************************************
 

             1         2         3         4         5         6         7         8
 
         7.19E-02  3.57E-01  5.22E-01  6.09E-01  8.90E-01  1.44E+00  1.56E+00  2.56E+00
 
1THERE ARE ERROR MESSAGES IN FILE PRDERR                                                                  
Stop Time:
Tue Apr  3 15:05:10 UTC 2012
