Thu Nov 10 15:14:15 UTC 2011
$PROB 212 phase1 2 CMT like 1004 but diff. initial on V3
$INPUT C ID TIME SEQ=DROP EVID AMT DV SUBJ HOUR TAFD TAD LDOS MDV HEIGHT WT SEX AGE DOSE FED
$DATA ../data/212.csv IGNORE=C
$SUBROUTINE ADVAN4 TRANS4
$PK
 CL=THETA(1)*EXP(ETA(1)) * THETA(6)**SEX * (WT/70)**THETA(7)
 V2 =THETA(2)*EXP(ETA(2))
 KA=THETA(3)*EXP(ETA(3))
 Q  =THETA(4)
 V3=THETA(5)
 S2=V2
 
$ERROR
 Y=F*(1+ERR(1)) + ERR(2)
 IPRE=F

$THETA
(0,10,50)     
(0,10,100)    
(0,0.2, 5)    
(0,10,50)     
(0,100,1000)  
(0,1,2)       
(0,0.75,3)    

$OMEGA BLOCK(3)
.1
.01 .1
.01 .01 .1








$SIGMA 0.1 0.1




$ESTIMATION MAXEVAL=9999 PRINT=5 NOABORT METHOD=1 INTER MSFO=./212.msf
;$COV PRINT=E
;$TABLE NOPRINT FILE=./212.tab ONEHEADER ID AMT TIME EVID PRED IPRE CWRES
;$TABLE NOPRINT FILE=./212par.tab ONEHEADER ID TIME CL Q V2 V3 KA ETA1 ETA2 ETA3


















NM-TRAN MESSAGES
  
 WARNINGS AND ERRORS (IF ANY) FOR PROBLEM    1
             
 (WARNING  2) NM-TRAN INFERS THAT THE DATA ARE POPULATION.
 CREATING MUMODEL ROUTINE...

License Registered to: Metrum Research Group
Expiration Date:    14 JUL 2012
Current Date:       10 NOV 2011
Days until program expires : 249
1NONLINEAR MIXED EFFECTS MODEL PROGRAM (NONMEM) VERSION 7.2.0
 ORIGINALLY DEVELOPED BY STUART BEAL, LEWIS SHEINER, AND ALISON BOECKMANN
 CURRENT DEVELOPERS ARE ROBERT BAUER, ICON DEVELOPMENT SOLUTIONS,
 AND ALISON BOECKMANN. IMPLEMENTATION, EFFICIENCY, AND STANDARDIZATION
 PERFORMED BY NOUS INFOSYSTEMS.

 PROBLEM NO.:         1
 212 phase1 2 CMT like 1004 but diff. initial on V3
0DATA CHECKOUT RUN:              NO
 DATA SET LOCATED ON UNIT NO.:    2
 THIS UNIT TO BE REWOUND:        NO
 NO. OF DATA RECS IN DATA SET:      554
 NO. OF DATA ITEMS IN DATA SET:  18
 ID DATA ITEM IS DATA ITEM NO.:   2
 DEP VARIABLE IS DATA ITEM NO.:   6
 MDV DATA ITEM IS DATA ITEM NO.: 12
0INDICES PASSED TO SUBROUTINE PRED:
   4   3   5   0   0   0   0   0   0   0   0
0LABELS FOR DATA ITEMS:
 C ID TIME EVID AMT DV SUBJ HOUR TAFD TAD LDOS MDV HEIGHT WT SEX AGE DOSE FED
0FORMAT FOR DATA:
 (1(12E6.0/),6E6.0)

 TOT. NO. OF OBS RECS:      514
 TOT. NO. OF INDIVIDUALS:     40
0LENGTH OF THETA:   7
0DEFAULT THETA BOUNDARY TEST OMITTED:    NO
0OMEGA HAS BLOCK FORM:
  1
  1  1
  1  1  1
0DEFAULT OMEGA BOUNDARY TEST OMITTED:    NO
0SIGMA HAS SIMPLE DIAGONAL FORM WITH DIMENSION:   2
0DEFAULT SIGMA BOUNDARY TEST OMITTED:    NO
0INITIAL ESTIMATE OF THETA:
 LOWER BOUND    INITIAL EST    UPPER BOUND
  0.0000E+00     0.1000E+02     0.5000E+02
  0.0000E+00     0.1000E+02     0.1000E+03
  0.0000E+00     0.2000E+00     0.5000E+01
  0.0000E+00     0.1000E+02     0.5000E+02
  0.0000E+00     0.1000E+03     0.1000E+04
  0.0000E+00     0.1000E+01     0.2000E+01
  0.0000E+00     0.7500E+00     0.3000E+01
0INITIAL ESTIMATE OF OMEGA:
 BLOCK SET NO.   BLOCK                                                                    FIXED
        1                                                                                   NO
                  0.1000E+00
                  0.1000E-01   0.1000E+00
                  0.1000E-01   0.1000E-01   0.1000E+00
0INITIAL ESTIMATE OF SIGMA:
 0.1000E+00
 0.0000E+00   0.1000E+00
0ESTIMATION STEP OMITTED:           NO
 CONDITIONAL ESTIMATES USED:       YES
 CENTERED ETA:                      NO
 EPS-ETA INTERACTION:              YES
 LAPLACIAN OBJ. FUNC.:              NO
 NO. OF FUNCT. EVALS. ALLOWED:       9999
 NO. OF SIG. FIGURES REQUIRED:       3
 INTERMEDIATE PRINTOUT:            YES
 ESTIMATE OUTPUT TO MSF:           YES
 ABORT WITH PRED EXIT CODE 1:       NO
 IND. OBJ. FUNC. VALUES SORTED:     NO

 THE FOLLOWING LABELS ARE EQUIVALENT
 PRED=PREDI
 RES=RESI
 WRES=WRESI
1DOUBLE PRECISION PREDPP VERSION 7.2.0

 TWO COMPARTMENT MODEL WITH FIRST-ORDER ABSORPTION (ADVAN4)
0MAXIMUM NO. OF BASIC PK PARAMETERS:   5
0BASIC PK PARAMETERS (AFTER TRANSLATION):
   BASIC PK PARAMETER NO.  1: ELIMINATION RATE (K)
   BASIC PK PARAMETER NO.  2: CENTRAL-TO-PERIPH. RATE (K23)
   BASIC PK PARAMETER NO.  3: PERIPH.-TO-CENTRAL RATE (K32)
   BASIC PK PARAMETER NO.  5: ABSORPTION RATE (KA)
 TRANSLATOR WILL CONVERT PARAMETERS
 CL, V2, Q, V3 TO K, K23, K32 (TRANS4)
0COMPARTMENT ATTRIBUTES
 COMPT. NO.   FUNCTION   INITIAL    ON/OFF      DOSE      DEFAULT    DEFAULT
                         STATUS     ALLOWED    ALLOWED    FOR DOSE   FOR OBS.
    1         DEPOT        OFF        YES        YES        YES        NO
    2         CENTRAL      ON         NO         YES        NO         YES
    3         PERIPH.      ON         NO         YES        NO         NO
    4         OUTPUT       OFF        YES        NO         NO         NO
1
 ADDITIONAL PK PARAMETERS - ASSIGNMENT OF ROWS IN GG
 COMPT. NO.                             INDICES
              SCALE      BIOAVAIL.   ZERO-ORDER  ZERO-ORDER  ABSORB
                         FRACTION    RATE        DURATION    LAG
    1           *           *           *           *           *
    2           6           *           *           *           *
    3           *           *           *           *           *
    4           *           -           -           -           -
             - PARAMETER IS NOT ALLOWED FOR THIS MODEL
             * PARAMETER IS NOT SUPPLIED BY PK SUBROUTINE;
               WILL DEFAULT TO ONE IF APPLICABLE
0DATA ITEM INDICES USED BY PRED ARE:
   EVENT ID DATA ITEM IS DATA ITEM NO.:      4
   TIME DATA ITEM IS DATA ITEM NO.:          3
   DOSE AMOUNT DATA ITEM IS DATA ITEM NO.:   5

0PK SUBROUTINE CALLED WITH EVERY EVENT RECORD.
 PK SUBROUTINE NOT CALLED AT NONEVENT (ADDITIONAL OR LAGGED) DOSE TIMES.
0ERROR SUBROUTINE CALLED WITH EVERY EVENT RECORD.
1
 
 
 #TBLN:      1
 #METH: First Order Conditional Estimation with Interaction
 
 MONITORING OF SEARCH:

 
0ITERATION NO.:    0    OBJECTIVE VALUE:   3101.87967198263        NO. OF FUNC. EVALS.:  11
 CUMULATIVE NO. OF FUNC. EVALS.:       11
 NPARAMETR:  1.0000E+01  1.0000E+01  2.0000E-01  1.0000E+01  1.0000E+02  1.0000E+00  7.5000E-01  1.0000E-01  1.0000E-02  1.0000E-02
             1.0000E-01  1.0000E-02  1.0000E-01  1.0000E-01  1.0000E-01
 PARAMETER:  1.0000E-01  1.0000E-01  1.0000E-01  1.0000E-01  1.0000E-01  1.0000E-01  1.0000E-01  1.0000E-01  1.0000E-01  1.0000E-01
             1.0000E-01  1.0000E-01  1.0000E-01  1.0000E-01  1.0000E-01
 GRADIENT:  -4.7627E+01 -3.8642E+02  6.8230E+02 -2.7509E+01 -1.2883E+02 -2.4965E+01 -1.2079E+01 -8.0858E+01  4.1543E+00  6.5497E+01
            -1.7724E+02  2.8179E+02 -6.2981E+02  1.0495E+02 -1.6016E+01
 
0ITERATION NO.:    5    OBJECTIVE VALUE:   2456.87125598984        NO. OF FUNC. EVALS.:  12
 CUMULATIVE NO. OF FUNC. EVALS.:       74
 NPARAMETR:  1.0119E+01  2.6161E+01  7.2138E-02  4.9951E+00  1.3990E+02  1.0706E+00  8.0874E-01  2.6177E-01  5.2390E-02 -1.5236E-02
             6.2265E-02 -6.0651E-03  7.9257E-02  5.7483E-02  1.1530E-01
 PARAMETER:  1.1486E-01  1.2596E+00 -9.4603E-01 -7.1202E-01  4.8112E-01  2.4135E-01  2.0185E-01  5.8114E-01  3.2381E-01 -9.4172E-02
            -2.2406E-01 -4.6331E-02 -1.3811E-02 -1.7684E-01  1.7120E-01
 GRADIENT:   1.0060E+01  2.7453E+01 -4.4753E+01  1.1143E+01  2.4073E+01  7.2054E-01 -1.5149E+00  1.2651E+01 -2.2878E+01  9.6449E-01
            -3.9680E+00  1.3023E+01  1.1886E+00 -1.7235E+01  1.1800E+00
 
0ITERATION NO.:   10    OBJECTIVE VALUE:   2446.02891929459        NO. OF FUNC. EVALS.:  13
 CUMULATIVE NO. OF FUNC. EVALS.:      135
 NPARAMETR:  9.1070E+00  2.1630E+01  6.3014E-02  3.4771E+00  1.2553E+02  1.1461E+00  9.6065E-01  2.3189E-01  1.2278E-01  2.8586E-02
             1.2624E-01 -4.3111E-02  7.9759E-02  5.5548E-02  1.0248E-01
 PARAMETER: -1.5619E-02  1.0099E+00 -1.0831E+00 -1.1075E+00  3.5618E-01  3.9423E-01  4.4583E-01  5.2054E-01  8.0628E-01  1.8772E-01
            -1.4020E-01 -8.2290E-01 -6.7519E-01 -1.9396E-01  1.1225E-01
 GRADIENT:   1.7837E+01 -8.5757E+00 -3.6156E+01  2.3133E+01 -1.3729E+00  7.8282E+00  1.4053E+00 -7.3434E+00  8.6774E+00  1.0439E+01
             8.7295E+00 -1.2548E+01  9.1211E-01 -3.8459E+01 -1.4890E+00
 
0ITERATION NO.:   15    OBJECTIVE VALUE:   2441.98860973054        NO. OF FUNC. EVALS.:  12
 CUMULATIVE NO. OF FUNC. EVALS.:      195
 NPARAMETR:  8.7222E+00  2.2123E+01  6.7017E-02  3.6994E+00  1.2209E+02  1.0709E+00  1.3968E+00  2.1236E-01  9.7245E-02  1.2999E-02
             1.0239E-01 -3.7544E-02  5.9937E-02  5.7020E-02  1.0020E-01
 PARAMETER: -6.8152E-02  1.0387E+00 -1.0207E+00 -1.0407E+00  3.2443E-01  2.4208E-01  1.0608E+00  4.7657E-01  6.6731E-01  8.9203E-02
            -1.6858E-01 -6.3220E-01 -5.5596E-01 -1.8089E-01  1.0102E-01
 GRADIENT:  -2.4502E+00  3.9662E+00 -3.5120E+00  3.1224E+00 -2.3402E-01 -9.6253E-01  1.4982E+00 -2.3229E+00  1.6603E+00  2.6847E+00
             4.8592E+00 -4.8144E+00  1.2737E+00 -1.6177E+01 -2.2371E+00
 
0ITERATION NO.:   20    OBJECTIVE VALUE:   2441.09189824237        NO. OF FUNC. EVALS.:  12
 CUMULATIVE NO. OF FUNC. EVALS.:      256
 NPARAMETR:  8.9909E+00  2.1201E+01  6.5076E-02  3.3858E+00  1.2278E+02  1.0950E+00  1.0517E+00  2.2344E-01  1.0734E-01  1.4112E-02
             9.5650E-02 -2.9246E-02  5.3739E-02  5.8535E-02  1.0300E-01
 PARAMETER: -3.1287E-02  9.8440E-01 -1.0505E+00 -1.1360E+00  3.3084E-01  2.9063E-01  5.8206E-01  5.0199E-01  7.1808E-01  9.4408E-02
            -3.0449E-01 -5.9983E-01 -6.1682E-01 -1.6778E-01  1.1476E-01
 GRADIENT:   2.8549E-01 -5.8310E-02 -3.8168E-01 -1.4005E-01 -9.8967E-01  4.1185E-01 -5.0321E-02  4.5470E-01 -1.4296E-01 -3.2751E-01
             7.6823E-01  5.6186E-01  2.0583E-01  2.4027E+00  2.5265E-01
 
0ITERATION NO.:   25    OBJECTIVE VALUE:   2440.89171736751        NO. OF FUNC. EVALS.:  21
 CUMULATIVE NO. OF FUNC. EVALS.:      348
 NPARAMETR:  9.0253E+00  2.1991E+01  6.7645E-02  3.6726E+00  1.2180E+02  1.0928E+00  1.1071E+00  2.1949E-01  1.0010E-01  9.1253E-03
             8.6485E-02 -3.3306E-02  5.3279E-02  5.8527E-02  1.0682E-01
 PARAMETER: -2.6626E-02  1.0310E+00 -1.0112E+00 -1.0485E+00  3.2177E-01  2.8604E-01  6.6219E-01  4.9307E-01  6.7566E-01  6.1594E-02
            -3.4281E-01 -6.4823E-01 -7.3401E-01 -1.6784E-01  1.3300E-01
 GRADIENT:   2.5734E-01 -2.4583E-02  9.1066E-01 -3.9391E-01  5.1505E-01  1.0954E-01  1.3944E-02 -3.6071E-02 -3.1727E-02  1.3358E-01
             3.3134E-01 -1.2805E-01  1.4036E-01  2.0182E+00  2.2287E-01
 
0ITERATION NO.:   30    OBJECTIVE VALUE:   2440.87745854848        NO. OF FUNC. EVALS.:  21
 CUMULATIVE NO. OF FUNC. EVALS.:      453
 NPARAMETR:  9.0368E+00  2.2105E+01  6.7987E-02  3.7207E+00  1.1965E+02  1.0922E+00  1.1086E+00  2.1841E-01  9.8644E-02  7.6549E-03
             8.3401E-02 -3.4168E-02  5.2916E-02  5.8386E-02  1.0754E-01
 PARAMETER: -2.5080E-02  1.0377E+00 -1.0061E+00 -1.0345E+00  3.0145E-01  2.8488E-01  6.6444E-01  4.9060E-01  6.6747E-01  5.1797E-02
            -3.6772E-01 -6.6737E-01 -8.0069E-01 -1.6905E-01  1.3637E-01
 GRADIENT:   2.6645E-02 -7.5645E-02  3.2563E-02  7.5948E-03 -3.0954E-02  8.4455E-03  3.0479E-03 -4.0327E-02  2.3959E-02  2.7239E-02
            -1.4730E-02  1.6840E-02  1.4181E-03  5.1067E-02 -3.3364E-03
 
0ITERATION NO.:   33    OBJECTIVE VALUE:   2440.87740644726        NO. OF FUNC. EVALS.:  18
 CUMULATIVE NO. OF FUNC. EVALS.:      513
 NPARAMETR:  9.0365E+00  2.2117E+01  6.8008E-02  3.7238E+00  1.1969E+02  1.0922E+00  1.1092E+00  2.1847E-01  9.8571E-02  7.5725E-03
             8.3338E-02 -3.4261E-02  5.2900E-02  5.8380E-02  1.0764E-01
 PARAMETER: -2.5120E-02  1.0383E+00 -1.0058E+00 -1.0336E+00  3.0185E-01  2.8494E-01  6.6518E-01  4.9073E-01  6.6689E-01  5.1233E-02
            -3.6753E-01 -6.6816E-01 -8.0368E-01 -1.6910E-01  1.3682E-01
 GRADIENT:   9.8018E-04 -1.9881E-03 -6.4863E-04  1.8642E-03  1.5295E-03  3.4685E-05  1.9942E-04 -2.0515E-03  1.7275E-04  9.3595E-04
            -7.5978E-05 -3.0479E-03  1.3454E-03 -1.4729E-03  1.8714E-04
 
 #TERM:
0MINIMIZATION SUCCESSFUL
 NO. OF FUNCTION EVALUATIONS USED:      513
 NO. OF SIG. DIGITS IN FINAL EST.:  3.3

 ETABAR IS THE ARITHMETIC MEAN OF THE ETA-ESTIMATES,
 AND THE P-VALUE IS GIVEN FOR THE NULL HYPOTHESIS THAT THE TRUE MEAN IS 0.

 ETABAR:        -1.6987E-04  6.8214E-05  1.1503E-03
 SE:             7.2086E-02  4.3076E-02  3.3851E-02

 P VAL.:         9.9812E-01  9.9874E-01  9.7289E-01
 
 ETAshrink(%):   1.2165E+00  4.4264E+00  5.7298E+00
 EPSshrink(%):   7.1016E+00  7.1016E+00
 
 #TERE:
 Elapsed estimation time in seconds:     9.53
1
 
 
 
 
 
 
 
 
 
 
 
 
 
 
 
 
 
 
 
 
 ************************************************************************************************************************
 ********************                                                                                ********************
 ********************               FIRST ORDER CONDITIONAL ESTIMATION WITH INTERACTION              ********************
 #OBJT:**************                       MINIMUM VALUE OF OBJECTIVE FUNCTION                      ********************
 ********************                                                                                ********************
 ************************************************************************************************************************
 





 #OBJV:********************************************     2440.877       **************************************************
1
 ************************************************************************************************************************
 ********************                                                                                ********************
 ********************               FIRST ORDER CONDITIONAL ESTIMATION WITH INTERACTION              ********************
 ********************                             FINAL PARAMETER ESTIMATE                           ********************
 ********************                                                                                ********************
 ************************************************************************************************************************
 


 THETA - VECTOR OF FIXED EFFECTS PARAMETERS   *********


         TH 1      TH 2      TH 3      TH 4      TH 5      TH 6      TH 7     
 
         9.04E+00  2.21E+01  6.80E-02  3.72E+00  1.20E+02  1.09E+00  1.11E+00
 


 OMEGA - COV MATRIX FOR RANDOM EFFECTS - ETAS  ********


            ETA1      ETA2      ETA3   
 
 ETA1
+        2.18E-01
 
 ETA2
+        9.86E-02  8.33E-02
 
 ETA3
+        7.57E-03 -3.43E-02  5.29E-02
 


 SIGMA - COV MATRIX FOR RANDOM EFFECTS - EPSILONS  ****


            EPS1      EPS2   
 
 EPS1
+        5.84E-02
 
 EPS2
+        0.00E+00  1.08E-01
 
1


 OMEGA - CORR MATRIX FOR RANDOM EFFECTS - ETAS  *******


            ETA1      ETA2      ETA3   
 
 ETA1
+        4.67E-01
 
 ETA2
+        7.31E-01  2.89E-01
 
 ETA3
+        7.04E-02 -5.16E-01  2.30E-01
 


 SIGMA - CORR MATRIX FOR RANDOM EFFECTS - EPSILONS  ***


            EPS1      EPS2   
 
 EPS1
+        2.42E-01
 
 EPS2
+        0.00E+00  3.28E-01
 
Stop Time:
Thu Nov 10 15:14:38 UTC 2011
